src/app/(dashboard)/dashboard/safety-checker/page.tsx(6,10): error TS2614: Module '"@/lib/api"' has no exported member 'api'. Did you mean to use 'import api from "@/lib/api"' instead?
src/app/(dashboard)/dashboard/safety-checker/page.tsx(23,13): error TS2339: Property 'toast' does not exist on type '{ toasts: Toast[]; addToast: (message: string, type?: ToastType) => void; removeToast: (id: string) => void; success: (message: string) => void; error: (message: string) => void; warning: (message: string) => void; info: (message: string) => void; }'.
